// Jest Snapshot v1, https://goo.gl/fbAQLP

exports[`<App /> displays landing page 1`] = `
<div
  className="App"
>
  <div
    className="container pad"
  >
    <div
      className="row align-items-center"
    >
      <div
        className="col-md-12 text-center"
      >
        <h1
          className="display-3 mb-4"
        >
          Book Search
        </h1>
        <hr />
        <h3>
          Use the search to find a list of relevant books.
        </h3>
        <form
          onSubmit={[Function]}
        >
          <div
            className="form-group row justify-content-center"
          >
            <input
              aria-label="Search"
              className="form-control col-sm-4"
              onChange={[Function]}
              placeholder="Search Books"
              type="search"
              value=""
            />
            <button
              className="btn btn-outline-success my-2 my-sm-0"
              type="submit"
            >
              Search
            </button>
          </div>
        </form>
      </div>
    </div>
  </div>
</div>
`;
